Component: ARM Compiler 5.06 update 4 (build 422) Tool: armlink [4d35d2]

==============================================================================

Section Cross References

    main.o(i.TIMER0A_Handler) refers to motor.o(i.setMotorSpeed) for setMotorSpeed
    main.o(i.TIMER0A_Handler) refers to main.o(.data) for time
    main.o(i.main) refers to os_v2.o(i.OS_Init) for OS_Init
    main.o(i.main) refers to lcd.o(.text) for Init_LCD_Ports
    main.o(i.main) refers to motor.o(i.PWM_Config) for PWM_Config
    main.o(i.main) refers to adc.o(i.ADC_Init) for ADC_Init
    main.o(i.main) refers to main.o(i.retrieveInput) for retrieveInput
    main.o(i.retrieveInput) refers to voltage2rpm.o(i.Current_speed) for Current_speed
    main.o(i.retrieveInput) refers to keypad.o(.text) for Scan_Keypad
    main.o(i.retrieveInput) refers to os_v2.o(i.OS_Sleep) for OS_Sleep
    main.o(i.retrieveInput) refers to main.o(.data) for sampledADC_value
    main.o(i.updateLCD) refers to lcd.o(.text) for Set_Position
    main.o(i.updateLCD) refers to ascii_conversions.o(.text) for Hex2ASCII
    main.o(i.updateLCD) refers to main.o(.data) for Keypress_Buffer
    adc.o(i.ADC_Read) refers to adc.o(i.DelayUs) for DelayUs
    adc.o(i.DelayUs) refers to adc.o(i.DelayCycles) for DelayCycles
    keypad.o(RAMData) refers (Special) to lcd.o(.text) for Display_Char
    keypad.o(.text) refers (Special) to lcd.o(.text) for Display_Char
    keypad.o(.text) refers to main.o(.data) for Key_ASCII
    keypad.o(.text) refers to keypad.o(RAMData) for RFlag
    os_v2.o(i.OS_AddThreads) refers to startup_tm4c123.o(.text) for StartCritical
    os_v2.o(i.OS_AddThreads) refers to os_v2.o(i.SetInitialStack) for SetInitialStack
    os_v2.o(i.OS_AddThreads) refers to os_v2.o(.bss) for tcbs
    os_v2.o(i.OS_AddThreads) refers to os_v2.o(.data) for RunPt
    os_v2.o(i.OS_FIFO_Get) refers to os_v2.o(i.OS_Wait) for OS_Wait
    os_v2.o(i.OS_FIFO_Get) refers to os_v2.o(.data) for CurrentSize
    os_v2.o(i.OS_FIFO_Get) refers to os_v2.o(.bss) for Fifo
    os_v2.o(i.OS_FIFO_Init) refers to os_v2.o(i.OS_InitSemaphore) for OS_InitSemaphore
    os_v2.o(i.OS_FIFO_Init) refers to os_v2.o(.data) for GetI
    os_v2.o(i.OS_FIFO_Put) refers to os_v2.o(i.OS_Signal) for OS_Signal
    os_v2.o(i.OS_FIFO_Put) refers to os_v2.o(.data) for CurrentSize
    os_v2.o(i.OS_FIFO_Put) refers to os_v2.o(.bss) for Fifo
    os_v2.o(i.OS_Init) refers to osasm_v2.o(.text) for OS_DisableInterrupts
    os_v2.o(i.OS_Init) refers to os_v2.o(i.Clock_Init) for Clock_Init
    os_v2.o(i.OS_Launch) refers to osasm_v2.o(.text) for StartOS
    os_v2.o(i.OS_Signal) refers to startup_tm4c123.o(.text) for DisableInterrupts
    os_v2.o(i.OS_Signal) refers to os_v2.o(.data) for RunPt
    os_v2.o(i.OS_Sleep) refers to os_v2.o(i.OS_Suspend) for OS_Suspend
    os_v2.o(i.OS_Sleep) refers to os_v2.o(.data) for RunPt
    os_v2.o(i.OS_Wait) refers to startup_tm4c123.o(.text) for DisableInterrupts
    os_v2.o(i.OS_Wait) refers to os_v2.o(i.OS_Suspend) for OS_Suspend
    os_v2.o(i.OS_Wait) refers to os_v2.o(.data) for RunPt
    os_v2.o(i.RecvMail) refers to os_v2.o(i.OS_Wait) for OS_Wait
    os_v2.o(i.RecvMail) refers to os_v2.o(.data) for Send
    os_v2.o(i.Scheduler) refers to os_v2.o(.data) for RunPt
    os_v2.o(i.SendMail) refers to os_v2.o(i.OS_Signal) for OS_Signal
    os_v2.o(i.SendMail) refers to os_v2.o(.data) for Mail
    os_v2.o(i.SetInitialStack) refers to os_v2.o(.bss) for Stacks
    osasm_v2.o(.text) refers to os_v2.o(i.Scheduler) for Scheduler
    osasm_v2.o(.text) refers to os_v2.o(.data) for RunPt
    startup_tm4c123.o(STACK) refers (Special) to heapauxi.o(.text) for __use_two_region_memory
    startup_tm4c123.o(HEAP) refers (Special) to heapauxi.o(.text) for __use_two_region_memory
    startup_tm4c123.o(RESET) refers (Special) to heapauxi.o(.text) for __use_two_region_memory
    startup_tm4c123.o(RESET) refers to startup_tm4c123.o(STACK) for __initial_sp
    startup_tm4c123.o(RESET) refers to startup_tm4c123.o(.text) for Reset_Handler
    startup_tm4c123.o(RESET) refers to osasm_v2.o(.text) for SysTick_Handler
    startup_tm4c123.o(RESET) refers to main.o(i.TIMER0A_Handler) for TIMER0A_Handler
    startup_tm4c123.o(.text) refers (Special) to heapauxi.o(.text) for __use_two_region_memory
    startup_tm4c123.o(.text) refers to system_tm4c123.o(i.SystemInit) for SystemInit
    startup_tm4c123.o(.text) refers to __main.o(!!!main) for __main
    startup_tm4c123.o(.text) refers to startup_tm4c123.o(HEAP) for Heap_Mem
    startup_tm4c123.o(.text) refers to startup_tm4c123.o(STACK) for Stack_Mem
    system_tm4c123.o(i.SystemCoreClockUpdate) refers to system_tm4c123.o(i.getOscClk) for getOscClk
    system_tm4c123.o(i.SystemCoreClockUpdate) refers to system_tm4c123.o(.data) for SystemCoreClock
    __main.o(!!!main) refers to __rtentry.o(.ARM.Collect$$rtentry$$00000000) for __rt_entry
    __rtentry.o(.ARM.Collect$$rtentry$$00000000) refers (Special) to __rtentry2.o(.ARM.Collect$$rtentry$$0000000A) for __rt_entry_li
    __rtentry.o(.ARM.Collect$$rtentry$$00000000) refers (Special) to __rtentry2.o(.ARM.Collect$$rtentry$$0000000D) for __rt_entry_main
    __rtentry.o(.ARM.Collect$$rtentry$$00000000) refers (Special) to __rtentry2.o(.ARM.Collect$$rtentry$$0000000C) for __rt_entry_postli_1
    __rtentry.o(.ARM.Collect$$rtentry$$00000000) refers (Special) to __rtentry2.o(.ARM.Collect$$rtentry$$00000009) for __rt_entry_postsh_1
    __rtentry.o(.ARM.Collect$$rtentry$$00000000) refers (Special) to __rtentry2.o(.ARM.Collect$$rtentry$$00000002) for __rt_entry_presh_1
    __rtentry.o(.ARM.Collect$$rtentry$$00000000) refers (Special) to __rtentry4.o(.ARM.Collect$$rtentry$$00000004) for __rt_entry_sh
    __rtentry2.o(.ARM.Collect$$rtentry$$00000008) refers to boardinit2.o(.text) for _platform_post_stackheap_init
    __rtentry2.o(.ARM.Collect$$rtentry$$0000000A) refers to libinit.o(.ARM.Collect$$libinit$$00000000) for __rt_lib_init
    __rtentry2.o(.ARM.Collect$$rtentry$$0000000B) refers to boardinit3.o(.text) for _platform_post_lib_init
    __rtentry2.o(.ARM.Collect$$rtentry$$0000000D) refers to main.o(i.main) for main
    __rtentry2.o(.ARM.Collect$$rtentry$$0000000D) refers to exit.o(.text) for exit
    __rtentry2.o(.ARM.exidx) refers to __rtentry2.o(.ARM.Collect$$rtentry$$00000001) for .ARM.Collect$$rtentry$$00000001
    __rtentry2.o(.ARM.exidx) refers to __rtentry2.o(.ARM.Collect$$rtentry$$00000008) for .ARM.Collect$$rtentry$$00000008
    __rtentry2.o(.ARM.exidx) refers to __rtentry2.o(.ARM.Collect$$rtentry$$0000000A) for .ARM.Collect$$rtentry$$0000000A
    __rtentry2.o(.ARM.exidx) refers to __rtentry2.o(.ARM.Collect$$rtentry$$0000000B) for .ARM.Collect$$rtentry$$0000000B
    __rtentry2.o(.ARM.exidx) refers to __rtentry2.o(.ARM.Collect$$rtentry$$0000000D) for .ARM.Collect$$rtentry$$0000000D
    __rtentry4.o(.ARM.Collect$$rtentry$$00000004) refers to sys_stackheap_outer.o(.text) for __user_setup_stackheap
    __rtentry4.o(.ARM.exidx) refers to __rtentry4.o(.ARM.Collect$$rtentry$$00000004) for .ARM.Collect$$rtentry$$00000004
    sys_stackheap_outer.o(.text) refers to libspace.o(.text) for __user_perproc_libspace
    sys_stackheap_outer.o(.text) refers to startup_tm4c123.o(.text) for __user_initial_stackheap
    exit.o(.text) refers to rtexit.o(.ARM.Collect$$rtexit$$00000000) for __rt_exit
    libinit.o(.ARM.Collect$$libinit$$00000000) refers (Special) to libinit2.o(.ARM.Collect$$libinit$$0000002E) for __rt_lib_init_alloca_1
    libinit.o(.ARM.Collect$$libinit$$00000000) refers (Special) to libinit2.o(.ARM.Collect$$libinit$$0000002C) for __rt_lib_init_argv_1
    libinit.o(.ARM.Collect$$libinit$$00000000) refers (Special) to libinit2.o(.ARM.Collect$$libinit$$0000001B) for __rt_lib_init_atexit_1
    libinit.o(.ARM.Collect$$libinit$$00000000) refers (Special) to libinit2.o(.ARM.Collect$$libinit$$00000021) for __rt_lib_init_clock_1
    libinit.o(.ARM.Collect$$libinit$$00000000) refers (Special) to libinit2.o(.ARM.Collect$$libinit$$00000032) for __rt_lib_init_cpp_1
    libinit.o(.ARM.Collect$$libinit$$00000000) refers (Special) to libinit2.o(.ARM.Collect$$libinit$$00000030) for __rt_lib_init_exceptions_1
    libinit.o(.ARM.Collect$$libinit$$00000000) refers (Special) to libinit2.o(.ARM.Collect$$libinit$$00000001) for __rt_lib_init_fp_1
    libinit.o(.ARM.Collect$$libinit$$00000000) refers (Special) to libinit2.o(.ARM.Collect$$libinit$$0000001F) for __rt_lib_init_fp_trap_1
    libinit.o(.ARM.Collect$$libinit$$00000000) refers (Special) to libinit2.o(.ARM.Collect$$libinit$$00000023) for __rt_lib_init_getenv_1
    libinit.o(.ARM.Collect$$libinit$$00000000) refers (Special) to libinit2.o(.ARM.Collect$$libinit$$0000000A) for __rt_lib_init_heap_1
    libinit.o(.ARM.Collect$$libinit$$00000000) refers (Special) to libinit2.o(.ARM.Collect$$libinit$$00000011) for __rt_lib_init_lc_collate_1
    libinit.o(.ARM.Collect$$libinit$$00000000) refers (Special) to libinit2.o(.ARM.Collect$$libinit$$00000013) for __rt_lib_init_lc_ctype_1
    libinit.o(.ARM.Collect$$libinit$$00000000) refers (Special) to libinit2.o(.ARM.Collect$$libinit$$00000015) for __rt_lib_init_lc_monetary_1
    libinit.o(.ARM.Collect$$libinit$$00000000) refers (Special) to libinit2.o(.ARM.Collect$$libinit$$00000017) for __rt_lib_init_lc_numeric_1
    libinit.o(.ARM.Collect$$libinit$$00000000) refers (Special) to libinit2.o(.ARM.Collect$$libinit$$00000019) for __rt_lib_init_lc_time_1
    libinit.o(.ARM.Collect$$libinit$$00000000) refers (Special) to libinit2.o(.ARM.Collect$$libinit$$00000004) for __rt_lib_init_preinit_1
    libinit.o(.ARM.Collect$$libinit$$00000000) refers (Special) to libinit2.o(.ARM.Collect$$libinit$$0000000E) for __rt_lib_init_rand_1
    libinit.o(.ARM.Collect$$libinit$$00000000) refers (Special) to libinit2.o(.ARM.Collect$$libinit$$00000033) for __rt_lib_init_return
    libinit.o(.ARM.Collect$$libinit$$00000000) refers (Special) to libinit2.o(.ARM.Collect$$libinit$$0000001D) for __rt_lib_init_signal_1
    libinit.o(.ARM.Collect$$libinit$$00000000) refers (Special) to libinit2.o(.ARM.Collect$$libinit$$00000025) for __rt_lib_init_stdio_1
    libinit.o(.ARM.Collect$$libinit$$00000000) refers (Special) to libinit2.o(.ARM.Collect$$libinit$$0000000C) for __rt_lib_init_user_alloc_1
    libspace.o(.text) refers to libspace.o(.bss) for __libspace_start
    rtexit.o(.ARM.Collect$$rtexit$$00000000) refers (Special) to rtexit2.o(.ARM.Collect$$rtexit$$00000004) for __rt_exit_exit
    rtexit.o(.ARM.Collect$$rtexit$$00000000) refers (Special) to rtexit2.o(.ARM.Collect$$rtexit$$00000003) for __rt_exit_ls
    rtexit.o(.ARM.Collect$$rtexit$$00000000) refers (Special) to rtexit2.o(.ARM.Collect$$rtexit$$00000002) for __rt_exit_prels_1
    rtexit.o(.ARM.exidx) refers (Special) to rtexit2.o(.ARM.Collect$$rtexit$$00000004) for __rt_exit_exit
    rtexit.o(.ARM.exidx) refers (Special) to rtexit2.o(.ARM.Collect$$rtexit$$00000003) for __rt_exit_ls
    rtexit.o(.ARM.exidx) refers (Special) to rtexit2.o(.ARM.Collect$$rtexit$$00000002) for __rt_exit_prels_1
    rtexit.o(.ARM.exidx) refers to rtexit.o(.ARM.Collect$$rtexit$$00000000) for .ARM.Collect$$rtexit$$00000000
    libinit2.o(.ARM.Collect$$libinit$$00000001) refers to fpinit.o(x$fpl$fpinit) for _fp_init
    libinit2.o(.ARM.Collect$$libinit$$00000010) refers to libinit2.o(.ARM.Collect$$libinit$$0000000F) for .ARM.Collect$$libinit$$0000000F
    libinit2.o(.ARM.Collect$$libinit$$00000012) refers to libinit2.o(.ARM.Collect$$libinit$$0000000F) for .ARM.Collect$$libinit$$0000000F
    libinit2.o(.ARM.Collect$$libinit$$00000014) refers to libinit2.o(.ARM.Collect$$libinit$$0000000F) for .ARM.Collect$$libinit$$0000000F
    libinit2.o(.ARM.Collect$$libinit$$00000016) refers to libinit2.o(.ARM.Collect$$libinit$$0000000F) for .ARM.Collect$$libinit$$0000000F
    libinit2.o(.ARM.Collect$$libinit$$00000018) refers to libinit2.o(.ARM.Collect$$libinit$$0000000F) for .ARM.Collect$$libinit$$0000000F
    libinit2.o(.ARM.Collect$$libinit$$00000026) refers to argv_veneer.o(.emb_text) for __ARM_argv_veneer
    libinit2.o(.ARM.Collect$$libinit$$00000027) refers to argv_veneer.o(.emb_text) for __ARM_argv_veneer
    rtexit2.o(.ARM.Collect$$rtexit$$00000003) refers to libshutdown.o(.ARM.Collect$$libshutdown$$00000000) for __rt_lib_shutdown
    rtexit2.o(.ARM.Collect$$rtexit$$00000004) refers to sys_exit.o(.text) for _sys_exit
    rtexit2.o(.ARM.exidx) refers to rtexit2.o(.ARM.Collect$$rtexit$$00000001) for .ARM.Collect$$rtexit$$00000001
    rtexit2.o(.ARM.exidx) refers to rtexit2.o(.ARM.Collect$$rtexit$$00000003) for .ARM.Collect$$rtexit$$00000003
    rtexit2.o(.ARM.exidx) refers to rtexit2.o(.ARM.Collect$$rtexit$$00000004) for .ARM.Collect$$rtexit$$00000004
    argv_veneer.o(.emb_text) refers to no_argv.o(.text) for __ARM_get_argv
    sys_exit.o(.text) refers (Special) to use_no_semi.o(.text) for __I$use$semihosting
    sys_exit.o(.text) refers (Special) to indicate_semi.o(.text) for __semihosting_library_function
    _get_argv_nomalloc.o(.text) refers (Special) to hrguard.o(.text) for __heap_region$guard
    _get_argv_nomalloc.o(.text) refers to defsig_rtmem_outer.o(.text) for __rt_SIGRTMEM
    _get_argv_nomalloc.o(.text) refers to sys_command.o(.text) for _sys_command_string
    libshutdown.o(.ARM.Collect$$libshutdown$$00000000) refers (Special) to libshutdown2.o(.ARM.Collect$$libshutdown$$00000002) for __rt_lib_shutdown_cpp_1
    libshutdown.o(.ARM.Collect$$libshutdown$$00000000) refers (Special) to libshutdown2.o(.ARM.Collect$$libshutdown$$00000007) for __rt_lib_shutdown_fp_trap_1
    libshutdown.o(.ARM.Collect$$libshutdown$$00000000) refers (Special) to libshutdown2.o(.ARM.Collect$$libshutdown$$0000000F) for __rt_lib_shutdown_heap_1
    libshutdown.o(.ARM.Collect$$libshutdown$$00000000) refers (Special) to libshutdown2.o(.ARM.Collect$$libshutdown$$00000010) for __rt_lib_shutdown_return
    libshutdown.o(.ARM.Collect$$libshutdown$$00000000) refers (Special) to libshutdown2.o(.ARM.Collect$$libshutdown$$0000000A) for __rt_lib_shutdown_signal_1
    libshutdown.o(.ARM.Collect$$libshutdown$$00000000) refers (Special) to libshutdown2.o(.ARM.Collect$$libshutdown$$00000004) for __rt_lib_shutdown_stdio_1
    libshutdown.o(.ARM.Collect$$libshutdown$$00000000) refers (Special) to libshutdown2.o(.ARM.Collect$$libshutdown$$0000000C) for __rt_lib_shutdown_user_alloc_1
    sys_command.o(.text) refers (Special) to use_no_semi.o(.text) for __I$use$semihosting
    sys_command.o(.text) refers (Special) to indicate_semi.o(.text) for __semihosting_library_function
    defsig_rtmem_outer.o(.text) refers to defsig_rtmem_inner.o(.text) for __rt_SIGRTMEM_inner
    defsig_rtmem_outer.o(.text) refers to defsig_exit.o(.text) for __sig_exit
    defsig_rtmem_formal.o(.text) refers to rt_raise.o(.text) for __rt_raise
    rt_raise.o(.text) refers to __raise.o(.text) for __raise
    rt_raise.o(.text) refers to sys_exit.o(.text) for _sys_exit
    defsig_exit.o(.text) refers to sys_exit.o(.text) for _sys_exit
    defsig_rtmem_inner.o(.text) refers to defsig_general.o(.text) for __default_signal_display
    __raise.o(.text) refers to defsig.o(CL$$defsig) for __default_signal_handler
    defsig_general.o(.text) refers to sys_wrch.o(.text) for _ttywrch
    sys_wrch.o(.text) refers (Special) to use_no_semi.o(.text) for __I$use$semihosting
    sys_wrch.o(.text) refers (Special) to indicate_semi.o(.text) for __semihosting_library_function
    defsig.o(CL$$defsig) refers to defsig_rtmem_inner.o(.text) for __rt_SIGRTMEM_inner
    defsig_abrt_inner.o(.text) refers to defsig_general.o(.text) for __default_signal_display
    defsig_fpe_inner.o(.text) refers to defsig_general.o(.text) for __default_signal_display
    defsig_rtred_inner.o(.text) refers to defsig_general.o(.text) for __default_signal_display
    defsig_stak_inner.o(.text) refers to defsig_general.o(.text) for __default_signal_display
    defsig_pvfn_inner.o(.text) refers to defsig_general.o(.text) for __default_signal_display
    defsig_cppl_inner.o(.text) refers to defsig_general.o(.text) for __default_signal_display
    defsig_segv_inner.o(.text) refers to defsig_general.o(.text) for __default_signal_display
    defsig_other.o(.text) refers to defsig_general.o(.text) for __default_signal_display


==============================================================================

Removing Unused input sections from the image.

    Removing main.o(.rev16_text), (4 bytes).
    Removing main.o(.revsh_text), (4 bytes).
    Removing main.o(.rrx_text), (6 bytes).
    Removing main.o(i.motorPIDControlLoop), (2 bytes).
    Removing main.o(i.updateLCD), (136 bytes).
    Removing adc.o(.rev16_text), (4 bytes).
    Removing adc.o(.revsh_text), (4 bytes).
    Removing adc.o(.rrx_text), (6 bytes).
    Removing adc.o(i.ADC_Read), (104 bytes).
    Removing adc.o(i.DelayCycles), (18 bytes).
    Removing adc.o(i.DelayUs), (22 bytes).
    Removing motor.o(.rev16_text), (4 bytes).
    Removing motor.o(.revsh_text), (4 bytes).
    Removing motor.o(.rrx_text), (6 bytes).
    Removing motor.o(i.setMotorDirectionBckwrd), (28 bytes).
    Removing motor.o(i.setMotorDirectionFwd), (28 bytes).
    Removing os_v2.o(.rev16_text), (4 bytes).
    Removing os_v2.o(.revsh_text), (4 bytes).
    Removing os_v2.o(.rrx_text), (6 bytes).
    Removing os_v2.o(i.OS_AddThreads), (120 bytes).
    Removing os_v2.o(i.OS_FIFO_Get), (56 bytes).
    Removing os_v2.o(i.OS_FIFO_Init), (44 bytes).
    Removing os_v2.o(i.OS_FIFO_Put), (84 bytes).
    Removing os_v2.o(i.OS_InitSemaphore), (4 bytes).
    Removing os_v2.o(i.OS_Launch), (22 bytes).
    Removing os_v2.o(i.OS_Signal), (52 bytes).
    Removing os_v2.o(i.OS_Wait), (44 bytes).
    Removing os_v2.o(i.RecvMail), (24 bytes).
    Removing os_v2.o(i.SendMail), (48 bytes).
    Removing os_v2.o(i.SetInitialStack), (336 bytes).
    Removing os_v2.o(.bss), (1736 bytes).
    Removing voltage2rpm.o(.rev16_text), (4 bytes).
    Removing voltage2rpm.o(.revsh_text), (4 bytes).
    Removing voltage2rpm.o(.rrx_text), (6 bytes).
    Removing ascii_conversions.o(.text), (138 bytes).
    Removing system_tm4c123.o(.rev16_text), (4 bytes).
    Removing system_tm4c123.o(.revsh_text), (4 bytes).
    Removing system_tm4c123.o(.rrx_text), (6 bytes).
    Removing system_tm4c123.o(i.SystemCoreClockUpdate), (196 bytes).
    Removing system_tm4c123.o(i.getOscClk), (244 bytes).
    Removing system_tm4c123.o(.data), (4 bytes).

41 unused section(s) (total 3574 bytes) removed from the image.

==============================================================================

Image Symbol Table

    Local Symbols

    Symbol Name                              Value     Ov Type        Size  Object(Section)

    RESET                                    0x00000000   Section      620  startup_tm4c123.o(RESET)
    ../clib/angel/boardlib.s                 0x00000000   Number         0  boardinit3.o ABSOLUTE
    ../clib/angel/boardlib.s                 0x00000000   Number         0  boardshut.o ABSOLUTE
    ../clib/angel/boardlib.s                 0x00000000   Number         0  boardinit1.o ABSOLUTE
    ../clib/angel/boardlib.s                 0x00000000   Number         0  boardinit2.o ABSOLUTE
    ../clib/angel/handlers.s                 0x00000000   Number         0  __scatter_copy.o ABSOLUTE
    ../clib/angel/handlers.s                 0x00000000   Number         0  __scatter_zi.o ABSOLUTE
    ../clib/angel/kernel.s                   0x00000000   Number         0  rtexit.o ABSOLUTE
    ../clib/angel/kernel.s                   0x00000000   Number         0  __rtentry.o ABSOLUTE
    ../clib/angel/kernel.s                   0x00000000   Number         0  __rtentry2.o ABSOLUTE
    ../clib/angel/kernel.s                   0x00000000   Number         0  rtexit2.o ABSOLUTE
    ../clib/angel/kernel.s                   0x00000000   Number         0  __rtentry4.o ABSOLUTE
    ../clib/angel/rt.s                       0x00000000   Number         0  rt_raise.o ABSOLUTE
    ../clib/angel/scatter.s                  0x00000000   Number         0  __scatter.o ABSOLUTE
    ../clib/angel/startup.s                  0x00000000   Number         0  __main.o ABSOLUTE
    ../clib/angel/sys.s                      0x00000000   Number         0  libspace.o ABSOLUTE
    ../clib/angel/sys.s                      0x00000000   Number         0  indicate_semi.o ABSOLUTE
    ../clib/angel/sys.s                      0x00000000   Number         0  use_no_semi.o ABSOLUTE
    ../clib/angel/sys.s                      0x00000000   Number         0  sys_stackheap_outer.o ABSOLUTE
    ../clib/angel/sysapp.c                   0x00000000   Number         0  sys_command.o ABSOLUTE
    ../clib/angel/sysapp.c                   0x00000000   Number         0  sys_wrch.o ABSOLUTE
    ../clib/angel/sysapp.c                   0x00000000   Number         0  sys_exit.o ABSOLUTE
    ../clib/armsys.c                         0x00000000   Number         0  argv_veneer.o ABSOLUTE
    ../clib/armsys.c                         0x00000000   Number         0  argv_veneer.o ABSOLUTE
    ../clib/armsys.c                         0x00000000   Number         0  no_argv.o ABSOLUTE
    ../clib/armsys.c                         0x00000000   Number         0  _get_argv_nomalloc.o ABSOLUTE
    ../clib/heapalloc.c                      0x00000000   Number         0  hrguard.o ABSOLUTE
    ../clib/heapaux.c                        0x00000000   Number         0  heapauxi.o ABSOLUTE
    ../clib/libinit.s                        0x00000000   Number         0  libinit.o ABSOLUTE
    ../clib/libinit.s                        0x00000000   Number         0  libinit2.o ABSOLUTE
    ../clib/libinit.s                        0x00000000   Number         0  libshutdown2.o ABSOLUTE
    ../clib/libinit.s                        0x00000000   Number         0  libshutdown.o ABSOLUTE
    ../clib/signal.c                         0x00000000   Number         0  defsig_rtmem_inner.o ABSOLUTE
    ../clib/signal.c                         0x00000000   Number         0  defsig_rtred_inner.o ABSOLUTE
    ../clib/signal.c                         0x00000000   Number         0  defsig_exit.o ABSOLUTE
    ../clib/signal.c                         0x00000000   Number         0  defsig_other.o ABSOLUTE
    ../clib/signal.c                         0x00000000   Number         0  defsig_fpe_inner.o ABSOLUTE
    ../clib/signal.c                         0x00000000   Number         0  defsig_rtmem_outer.o ABSOLUTE
    ../clib/signal.c                         0x00000000   Number         0  defsig_rtmem_formal.o ABSOLUTE
    ../clib/signal.c                         0x00000000   Number         0  defsig_general.o ABSOLUTE
    ../clib/signal.c                         0x00000000   Number         0  __raise.o ABSOLUTE
    ../clib/signal.c                         0x00000000   Number         0  defsig_abrt_inner.o ABSOLUTE
    ../clib/signal.c                         0x00000000   Number         0  defsig_pvfn_inner.o ABSOLUTE
    ../clib/signal.c                         0x00000000   Number         0  defsig_cppl_inner.o ABSOLUTE
    ../clib/signal.c                         0x00000000   Number         0  defsig_segv_inner.o ABSOLUTE
    ../clib/signal.c                         0x00000000   Number         0  defsig_stak_inner.o ABSOLUTE
    ../clib/signal.s                         0x00000000   Number         0  defsig.o ABSOLUTE
    ../clib/stdlib.c                         0x00000000   Number         0  exit.o ABSOLUTE
    ../fplib/fpinit.s                        0x00000000   Number         0  fpinit.o ABSOLUTE
    RTE\Device\TM4C123GH6PM\startup_TM4C123.s 0x00000000   Number         0  startup_tm4c123.o ABSOLUTE
    RTE\Device\TM4C123GH6PM\system_TM4C123.c 0x00000000   Number         0  system_tm4c123.o ABSOLUTE
    RTE\\Device\\TM4C123GH6PM\\system_TM4C123.c 0x00000000   Number         0  system_tm4c123.o ABSOLUTE
    Utilities\ADC.c                          0x00000000   Number         0  adc.o ABSOLUTE
    Utilities\ASCII_Conversions.s            0x00000000   Number         0  ascii_conversions.o ABSOLUTE
    Utilities\Keypad.s                       0x00000000   Number         0  keypad.o ABSOLUTE
    Utilities\LCD.s                          0x00000000   Number         0  lcd.o ABSOLUTE
    Utilities\Voltage2RPM.c                  0x00000000   Number         0  voltage2rpm.o ABSOLUTE
    Utilities\\ADC.c                         0x00000000   Number         0  adc.o ABSOLUTE
    Utilities\\Voltage2RPM.c                 0x00000000   Number         0  voltage2rpm.o ABSOLUTE
    Utilities\\motor.c                       0x00000000   Number         0  motor.o ABSOLUTE
    Utilities\\os_v2.c                       0x00000000   Number         0  os_v2.o ABSOLUTE
    Utilities\motor.c                        0x00000000   Number         0  motor.o ABSOLUTE
    Utilities\os_v2.c                        0x00000000   Number         0  os_v2.o ABSOLUTE
    Utilities\osasm_V2.s                     0x00000000   Number         0  osasm_v2.o ABSOLUTE
    dc.s                                     0x00000000   Number         0  dc.o ABSOLUTE
    main.c                                   0x00000000   Number         0  main.o ABSOLUTE
    main.c                                   0x00000000   Number         0  main.o ABSOLUTE
    !!!main                                  0x0000026c   Section        8  __main.o(!!!main)
    !!!scatter                               0x00000274   Section       52  __scatter.o(!!!scatter)
    !!handler_copy                           0x000002a8   Section       26  __scatter_copy.o(!!handler_copy)
    !!handler_zi                             0x000002c4   Section       28  __scatter_zi.o(!!handler_zi)
    .ARM.Collect$$libinit$$00000000          0x000002e0   Section        2  libinit.o(.ARM.Collect$$libinit$$00000000)
    .ARM.Collect$$libinit$$00000001          0x000002e2   Section        4  libinit2.o(.ARM.Collect$$libinit$$00000001)
    .ARM.Collect$$libinit$$00000004          0x000002e6   Section        0  libinit2.o(.ARM.Collect$$libinit$$00000004)
    .ARM.Collect$$libinit$$0000000A          0x000002e6   Section        0  libinit2.o(.ARM.Collect$$libinit$$0000000A)
    .ARM.Collect$$libinit$$0000000C          0x000002e6   Section        0  libinit2.o(.ARM.Collect$$libinit$$0000000C)
    .ARM.Collect$$libinit$$0000000E          0x000002e6   Section        0  libinit2.o(.ARM.Collect$$libinit$$0000000E)
    .ARM.Collect$$libinit$$00000011          0x000002e6   Section        0  libinit2.o(.ARM.Collect$$libinit$$00000011)
    .ARM.Collect$$libinit$$00000013          0x000002e6   Section        0  libinit2.o(.ARM.Collect$$libinit$$00000013)
    .ARM.Collect$$libinit$$00000015          0x000002e6   Section        0  libinit2.o(.ARM.Collect$$libinit$$00000015)
    .ARM.Collect$$libinit$$00000017          0x000002e6   Section        0  libinit2.o(.ARM.Collect$$libinit$$00000017)
    .ARM.Collect$$libinit$$00000019          0x000002e6   Section        0  libinit2.o(.ARM.Collect$$libinit$$00000019)
    .ARM.Collect$$libinit$$0000001B          0x000002e6   Section        0  libinit2.o(.ARM.Collect$$libinit$$0000001B)
    .ARM.Collect$$libinit$$0000001D          0x000002e6   Section        0  libinit2.o(.ARM.Collect$$libinit$$0000001D)
    .ARM.Collect$$libinit$$0000001F          0x000002e6   Section        0  libinit2.o(.ARM.Collect$$libinit$$0000001F)
    .ARM.Collect$$libinit$$00000021          0x000002e6   Section        0  libinit2.o(.ARM.Collect$$libinit$$00000021)
    .ARM.Collect$$libinit$$00000023          0x000002e6   Section        0  libinit2.o(.ARM.Collect$$libinit$$00000023)
    .ARM.Collect$$libinit$$00000025          0x000002e6   Section        0  libinit2.o(.ARM.Collect$$libinit$$00000025)
    .ARM.Collect$$libinit$$0000002C          0x000002e6   Section        0  libinit2.o(.ARM.Collect$$libinit$$0000002C)
    .ARM.Collect$$libinit$$0000002E          0x000002e6   Section        0  libinit2.o(.ARM.Collect$$libinit$$0000002E)
    .ARM.Collect$$libinit$$00000030          0x000002e6   Section        0  libinit2.o(.ARM.Collect$$libinit$$00000030)
    .ARM.Collect$$libinit$$00000032          0x000002e6   Section        0  libinit2.o(.ARM.Collect$$libinit$$00000032)
    .ARM.Collect$$libinit$$00000033          0x000002e6   Section        2  libinit2.o(.ARM.Collect$$libinit$$00000033)
    .ARM.Collect$$libshutdown$$00000000      0x000002e8   Section        2  libshutdown.o(.ARM.Collect$$libshutdown$$00000000)
    .ARM.Collect$$libshutdown$$00000002      0x000002ea   Section        0  libshutdown2.o(.ARM.Collect$$libshutdown$$00000002)
    .ARM.Collect$$libshutdown$$00000004      0x000002ea   Section        0  libshutdown2.o(.ARM.Collect$$libshutdown$$00000004)
    .ARM.Collect$$libshutdown$$00000007      0x000002ea   Section        0  libshutdown2.o(.ARM.Collect$$libshutdown$$00000007)
    .ARM.Collect$$libshutdown$$0000000A      0x000002ea   Section        0  libshutdown2.o(.ARM.Collect$$libshutdown$$0000000A)
    .ARM.Collect$$libshutdown$$0000000C      0x000002ea   Section        0  libshutdown2.o(.ARM.Collect$$libshutdown$$0000000C)
    .ARM.Collect$$libshutdown$$0000000F      0x000002ea   Section        0  libshutdown2.o(.ARM.Collect$$libshutdown$$0000000F)
    .ARM.Collect$$libshutdown$$00000010      0x000002ea   Section        2  libshutdown2.o(.ARM.Collect$$libshutdown$$00000010)
    .ARM.Collect$$rtentry$$00000000          0x000002ec   Section        0  __rtentry.o(.ARM.Collect$$rtentry$$00000000)
    .ARM.Collect$$rtentry$$00000002          0x000002ec   Section        0  __rtentry2.o(.ARM.Collect$$rtentry$$00000002)
    .ARM.Collect$$rtentry$$00000004          0x000002ec   Section        6  __rtentry4.o(.ARM.Collect$$rtentry$$00000004)
    .ARM.Collect$$rtentry$$00000009          0x000002f2   Section        0  __rtentry2.o(.ARM.Collect$$rtentry$$00000009)
    .ARM.Collect$$rtentry$$0000000A          0x000002f2   Section        4  __rtentry2.o(.ARM.Collect$$rtentry$$0000000A)
    .ARM.Collect$$rtentry$$0000000C          0x000002f6   Section        0  __rtentry2.o(.ARM.Collect$$rtentry$$0000000C)
    .ARM.Collect$$rtentry$$0000000D          0x000002f6   Section        8  __rtentry2.o(.ARM.Collect$$rtentry$$0000000D)
    .ARM.Collect$$rtexit$$00000000           0x000002fe   Section        2  rtexit.o(.ARM.Collect$$rtexit$$00000000)
    .ARM.Collect$$rtexit$$00000002           0x00000300   Section        0  rtexit2.o(.ARM.Collect$$rtexit$$00000002)
    .ARM.Collect$$rtexit$$00000003           0x00000300   Section        4  rtexit2.o(.ARM.Collect$$rtexit$$00000003)
    .ARM.Collect$$rtexit$$00000004           0x00000304   Section        6  rtexit2.o(.ARM.Collect$$rtexit$$00000004)
    .text                                    0x0000030c   Section      588  keypad.o(.text)
    $v0                                      0x0000030c   Number         0  keypad.o(.text)
    .text                                    0x00000558   Section      588  lcd.o(.text)
    $v0                                      0x00000558   Number         0  lcd.o(.text)
    .text                                    0x000007a4   Section       84  osasm_v2.o(.text)
    $v0                                      0x000007a4   Number         0  osasm_v2.o(.text)
    .text                                    0x000007f8   Section      296  startup_tm4c123.o(.text)
    $v0                                      0x000007f8   Number         0  startup_tm4c123.o(.text)
    .text                                    0x00000920   Section        0  heapauxi.o(.text)
    .text                                    0x00000926   Section       74  sys_stackheap_outer.o(.text)
    .text                                    0x00000970   Section        0  exit.o(.text)
    .text                                    0x00000984   Section        8  libspace.o(.text)
    .text                                    0x0000098c   Section        0  sys_exit.o(.text)
    .text                                    0x00000998   Section        2  use_no_semi.o(.text)
    .text                                    0x0000099a   Section        0  indicate_semi.o(.text)
    i.ADC_Init                               0x0000099c   Section        0  adc.o(i.ADC_Init)
    i.Clock_Init                             0x00000b1c   Section        0  os_v2.o(i.Clock_Init)
    i.Current_speed                          0x00000b40   Section        0  voltage2rpm.o(i.Current_speed)
    i.OS_Init                                0x00000b5c   Section        0  os_v2.o(i.OS_Init)
    i.OS_Sleep                               0x00000b88   Section        0  os_v2.o(i.OS_Sleep)
    i.OS_Suspend                             0x00000b9c   Section        0  os_v2.o(i.OS_Suspend)
    i.PWM_Config                             0x00000bac   Section        0  motor.o(i.PWM_Config)
    i.Scheduler                              0x00000cbc   Section        0  os_v2.o(i.Scheduler)
    i.SystemInit                             0x00000d14   Section        0  system_tm4c123.o(i.SystemInit)
    i.TIMER0A_Handler                        0x00000d28   Section        0  main.o(i.TIMER0A_Handler)
    i.main                                   0x00000e30   Section        0  main.o(i.main)
    i.retrieveInput                          0x00000e54   Section        0  main.o(i.retrieveInput)
    i.setMotorSpeed                          0x00000f34   Section        0  motor.o(i.setMotorSpeed)
    x$fpl$fpinit                             0x00000f40   Section       10  fpinit.o(x$fpl$fpinit)
    $v0                                      0x00000f40   Number         0  fpinit.o(x$fpl$fpinit)
    .data                                    0x20000000   Section       60  main.o(.data)
    .data                                    0x2000003c   Section       32  os_v2.o(.data)
    RAMData                                  0x2000005c   Section        8  keypad.o(RAMData)
    RFlag                                    0x2000005c   Data           4  keypad.o(RAMData)
    Key                                      0x20000060   Data           4  keypad.o(RAMData)
    .bss                                     0x20000064   Section       96  libspace.o(.bss)
    HEAP                                     0x200000c8   Section        0  startup_tm4c123.o(HEAP)
    STACK                                    0x200000c8   Section      512  startup_tm4c123.o(STACK)
    Heap_Mem                                 0x200000c8   Data           0  startup_tm4c123.o(HEAP)
    Stack_Mem                                0x200000c8   Data         512  startup_tm4c123.o(STACK)
    __initial_sp                             0x200002c8   Data           0  startup_tm4c123.o(STACK)

    Global Symbols

    Symbol Name                              Value     Ov Type        Size  Object(Section)

    BuildAttributes$$THM_ISAv4$E$P$D$K$B$S$7EM$VFPi3$EXTD16$VFPS$VFMA$PE$A:L22UL41UL21$X:L11$S22US41US21$IEEE1$IW$USESV6$~STKCKD$USESV7$~SHL$OSPACE$ROPI$EBA8$UX$STANDARDLIB$REQ8$EABIv2 0x00000000   Number         0  anon$$obj.o ABSOLUTE
    __ARM_use_no_argv                        0x00000000   Number         0  main.o ABSOLUTE
    __Vectors                                0x00000000   Data           4  startup_tm4c123.o(RESET)
    __ARM_exceptions_init                     - Undefined Weak Reference
    __alloca_initialize                       - Undefined Weak Reference
    __arm_preinit_                            - Undefined Weak Reference
    __cpp_initialize__aeabi_                  - Undefined Weak Reference
    __cxa_finalize                            - Undefined Weak Reference
    __rt_locale                               - Undefined Weak Reference
    __sigvec_lookup                           - Undefined Weak Reference
    _atexit_init                              - Undefined Weak Reference
    _call_atexit_fns                          - Undefined Weak Reference
    _clock_init                               - Undefined Weak Reference
    _fp_trap_init                             - Undefined Weak Reference
    _fp_trap_shutdown                         - Undefined Weak Reference
    _get_lc_collate                           - Undefined Weak Reference
    _get_lc_ctype                             - Undefined Weak Reference
    _get_lc_monetary                          - Undefined Weak Reference
    _get_lc_numeric                           - Undefined Weak Reference
    _get_lc_time                              - Undefined Weak Reference
    _getenv_init                              - Undefined Weak Reference
    _handle_redirection                       - Undefined Weak Reference
    _init_alloc                               - Undefined Weak Reference
    _init_user_alloc                          - Undefined Weak Reference
    _initio                                   - Undefined Weak Reference
    _rand_init                                - Undefined Weak Reference
    _signal_finish                            - Undefined Weak Reference
    _signal_init                              - Undefined Weak Reference
    _terminate_alloc                          - Undefined Weak Reference
    _terminate_user_alloc                     - Undefined Weak Reference
    _terminateio                              - Undefined Weak Reference
    __Vectors_End                            0x0000026c   Data           0  startup_tm4c123.o(RESET)
    __Vectors_Size                           0x0000026c   Number         0  startup_tm4c123.o ABSOLUTE
    __main                                   0x0000026d   Thumb Code     8  __main.o(!!!main)
    __scatterload                            0x00000275   Thumb Code     0  __scatter.o(!!!scatter)
    __scatterload_rt2                        0x00000275   Thumb Code    44  __scatter.o(!!!scatter)
    __scatterload_rt2_thumb_only             0x00000275   Thumb Code     0  __scatter.o(!!!scatter)
    __scatterload_null                       0x00000283   Thumb Code     0  __scatter.o(!!!scatter)
    __scatterload_copy                       0x000002a9   Thumb Code    26  __scatter_copy.o(!!handler_copy)
    __scatterload_zeroinit                   0x000002c5   Thumb Code    28  __scatter_zi.o(!!handler_zi)
    __rt_lib_init                            0x000002e1   Thumb Code     0  libinit.o(.ARM.Collect$$libinit$$00000000)
    __rt_lib_init_fp_1                       0x000002e3   Thumb Code     0  libinit2.o(.ARM.Collect$$libinit$$00000001)
    __rt_lib_init_alloca_1                   0x000002e7   Thumb Code     0  libinit2.o(.ARM.Collect$$libinit$$0000002E)
    __rt_lib_init_argv_1                     0x000002e7   Thumb Code     0  libinit2.o(.ARM.Collect$$libinit$$0000002C)
    __rt_lib_init_atexit_1                   0x000002e7   Thumb Code     0  libinit2.o(.ARM.Collect$$libinit$$0000001B)
    __rt_lib_init_clock_1                    0x000002e7   Thumb Code     0  libinit2.o(.ARM.Collect$$libinit$$00000021)
    __rt_lib_init_cpp_1                      0x000002e7   Thumb Code     0  libinit2.o(.ARM.Collect$$libinit$$00000032)
    __rt_lib_init_exceptions_1               0x000002e7   Thumb Code     0  libinit2.o(.ARM.Collect$$libinit$$00000030)
    __rt_lib_init_fp_trap_1                  0x000002e7   Thumb Code     0  libinit2.o(.ARM.Collect$$libinit$$0000001F)
    __rt_lib_init_getenv_1                   0x000002e7   Thumb Code     0  libinit2.o(.ARM.Collect$$libinit$$00000023)
    __rt_lib_init_heap_1                     0x000002e7   Thumb Code     0  libinit2.o(.ARM.Collect$$libinit$$0000000A)
    __rt_lib_init_lc_collate_1               0x000002e7   Thumb Code     0  libinit2.o(.ARM.Collect$$libinit$$00000011)
    __rt_lib_init_lc_ctype_1                 0x000002e7   Thumb Code     0  libinit2.o(.ARM.Collect$$libinit$$00000013)
    __rt_lib_init_lc_monetary_1              0x000002e7   Thumb Code     0  libinit2.o(.ARM.Collect$$libinit$$00000015)
    __rt_lib_init_lc_numeric_1               0x000002e7   Thumb Code     0  libinit2.o(.ARM.Collect$$libinit$$00000017)
    __rt_lib_init_lc_time_1                  0x000002e7   Thumb Code     0  libinit2.o(.ARM.Collect$$libinit$$00000019)
    __rt_lib_init_preinit_1                  0x000002e7   Thumb Code     0  libinit2.o(.ARM.Collect$$libinit$$00000004)
    __rt_lib_init_rand_1                     0x000002e7   Thumb Code     0  libinit2.o(.ARM.Collect$$libinit$$0000000E)
    __rt_lib_init_return                     0x000002e7   Thumb Code     0  libinit2.o(.ARM.Collect$$libinit$$00000033)
    __rt_lib_init_signal_1                   0x000002e7   Thumb Code     0  libinit2.o(.ARM.Collect$$libinit$$0000001D)
    __rt_lib_init_stdio_1                    0x000002e7   Thumb Code     0  libinit2.o(.ARM.Collect$$libinit$$00000025)
    __rt_lib_init_user_alloc_1               0x000002e7   Thumb Code     0  libinit2.o(.ARM.Collect$$libinit$$0000000C)
    __rt_lib_shutdown                        0x000002e9   Thumb Code     0  libshutdown.o(.ARM.Collect$$libshutdown$$00000000)
    __rt_lib_shutdown_cpp_1                  0x000002eb   Thumb Code     0  libshutdown2.o(.ARM.Collect$$libshutdown$$00000002)
    __rt_lib_shutdown_fp_trap_1              0x000002eb   Thumb Code     0  libshutdown2.o(.ARM.Collect$$libshutdown$$00000007)
    __rt_lib_shutdown_heap_1                 0x000002eb   Thumb Code     0  libshutdown2.o(.ARM.Collect$$libshutdown$$0000000F)
    __rt_lib_shutdown_return                 0x000002eb   Thumb Code     0  libshutdown2.o(.ARM.Collect$$libshutdown$$00000010)
    __rt_lib_shutdown_signal_1               0x000002eb   Thumb Code     0  libshutdown2.o(.ARM.Collect$$libshutdown$$0000000A)
    __rt_lib_shutdown_stdio_1                0x000002eb   Thumb Code     0  libshutdown2.o(.ARM.Collect$$libshutdown$$00000004)
    __rt_lib_shutdown_user_alloc_1           0x000002eb   Thumb Code     0  libshutdown2.o(.ARM.Collect$$libshutdown$$0000000C)
    __rt_entry                               0x000002ed   Thumb Code     0  __rtentry.o(.ARM.Collect$$rtentry$$00000000)
    __rt_entry_presh_1                       0x000002ed   Thumb Code     0  __rtentry2.o(.ARM.Collect$$rtentry$$00000002)
    __rt_entry_sh                            0x000002ed   Thumb Code     0  __rtentry4.o(.ARM.Collect$$rtentry$$00000004)
    __rt_entry_li                            0x000002f3   Thumb Code     0  __rtentry2.o(.ARM.Collect$$rtentry$$0000000A)
    __rt_entry_postsh_1                      0x000002f3   Thumb Code     0  __rtentry2.o(.ARM.Collect$$rtentry$$00000009)
    __rt_entry_main                          0x000002f7   Thumb Code     0  __rtentry2.o(.ARM.Collect$$rtentry$$0000000D)
    __rt_entry_postli_1                      0x000002f7   Thumb Code     0  __rtentry2.o(.ARM.Collect$$rtentry$$0000000C)
    __rt_exit                                0x000002ff   Thumb Code     0  rtexit.o(.ARM.Collect$$rtexit$$00000000)
    __rt_exit_ls                             0x00000301   Thumb Code     0  rtexit2.o(.ARM.Collect$$rtexit$$00000003)
    __rt_exit_prels_1                        0x00000301   Thumb Code     0  rtexit2.o(.ARM.Collect$$rtexit$$00000002)
    __rt_exit_exit                           0x00000305   Thumb Code     0  rtexit2.o(.ARM.Collect$$rtexit$$00000004)
    Read_Key                                 0x0000030d   Thumb Code     0  keypad.o(.text)
    Init_Keypad                              0x0000031d   Thumb Code     0  keypad.o(.text)
    Scan_Keypad                              0x00000347   Thumb Code     0  keypad.o(.text)
    Init_LCD_Ports                           0x00000559   Thumb Code     0  lcd.o(.text)
    Display_Msg                              0x00000595   Thumb Code     0  lcd.o(.text)
    Display_Char                             0x000005af   Thumb Code     0  lcd.o(.text)
    Set_Position                             0x000005cd   Thumb Code     0  lcd.o(.text)
    Init_LCD                                 0x00000655   Thumb Code     0  lcd.o(.text)
    Set_Blink_ON                             0x0000071d   Thumb Code     0  lcd.o(.text)
    Set_Blink_OFF                            0x0000073f   Thumb Code     0  lcd.o(.text)
    Delay1ms                                 0x00000761   Thumb Code     0  lcd.o(.text)
    OS_DisableInterrupts                     0x000007a5   Thumb Code     0  osasm_v2.o(.text)
    OS_EnableInterrupts                      0x000007a9   Thumb Code     0  osasm_v2.o(.text)
    SysTick_Handler                          0x000007ad   Thumb Code     0  osasm_v2.o(.text)
    StartOS                                  0x000007d3   Thumb Code     0  osasm_v2.o(.text)
    Reset_Handler                            0x000007f9   Thumb Code     8  startup_tm4c123.o(.text)
    NMI_Handler                              0x00000801   Thumb Code     2  startup_tm4c123.o(.text)
    HardFault_Handler                        0x00000803   Thumb Code     2  startup_tm4c123.o(.text)
    MemManage_Handler                        0x00000805   Thumb Code     2  startup_tm4c123.o(.text)
    BusFault_Handler                         0x00000807   Thumb Code     2  startup_tm4c123.o(.text)
    UsageFault_Handler                       0x00000809   Thumb Code     2  startup_tm4c123.o(.text)
    SVC_Handler                              0x0000080b   Thumb Code     2  startup_tm4c123.o(.text)
    DebugMon_Handler                         0x0000080d   Thumb Code     2  startup_tm4c123.o(.text)
    PendSV_Handler                           0x0000080f   Thumb Code     2  startup_tm4c123.o(.text)
    GPIOA_Handler                            0x00000813   Thumb Code     2  startup_tm4c123.o(.text)
    GPIOB_Handler                            0x00000815   Thumb Code     2  startup_tm4c123.o(.text)
    GPIOC_Handler                            0x00000817   Thumb Code     2  startup_tm4c123.o(.text)
    GPIOD_Handler                            0x00000819   Thumb Code     2  startup_tm4c123.o(.text)
    GPIOE_Handler                            0x0000081b   Thumb Code     2  startup_tm4c123.o(.text)
    UART0_Handler                            0x0000081d   Thumb Code     2  startup_tm4c123.o(.text)
    UART1_Handler                            0x0000081f   Thumb Code     2  startup_tm4c123.o(.text)
    SSI0_Handler                             0x00000821   Thumb Code     2  startup_tm4c123.o(.text)
    I2C0_Handler                             0x00000823   Thumb Code     2  startup_tm4c123.o(.text)
    PMW0_FAULT_Handler                       0x00000825   Thumb Code     2  startup_tm4c123.o(.text)
    PWM0_0_Handler                           0x00000827   Thumb Code     2  startup_tm4c123.o(.text)
    PWM0_1_Handler                           0x00000829   Thumb Code     2  startup_tm4c123.o(.text)
    PWM0_2_Handler                           0x0000082b   Thumb Code     2  startup_tm4c123.o(.text)
    QEI0_Handler                             0x0000082d   Thumb Code     2  startup_tm4c123.o(.text)
    ADC0SS0_Handler                          0x0000082f   Thumb Code     2  startup_tm4c123.o(.text)
    ADC0SS1_Handler                          0x00000831   Thumb Code     2  startup_tm4c123.o(.text)
    ADC0SS2_Handler                          0x00000833   Thumb Code     2  startup_tm4c123.o(.text)
    ADC0SS3_Handler                          0x00000835   Thumb Code     2  startup_tm4c123.o(.text)
    WDT0_Handler                             0x00000837   Thumb Code     2  startup_tm4c123.o(.text)
    TIMER0B_Handler                          0x00000839   Thumb Code     2  startup_tm4c123.o(.text)
    TIMER1A_Handler                          0x0000083b   Thumb Code     2  startup_tm4c123.o(.text)
    TIMER1B_Handler                          0x0000083d   Thumb Code     2  startup_tm4c123.o(.text)
    TIMER2A_Handler                          0x0000083f   Thumb Code     2  startup_tm4c123.o(.text)
    TIMER2B_Handler                          0x00000841   Thumb Code     2  startup_tm4c123.o(.text)
    COMP0_Handler                            0x00000843   Thumb Code     2  startup_tm4c123.o(.text)
    COMP1_Handler                            0x00000845   Thumb Code     2  startup_tm4c123.o(.text)
    COMP2_Handler                            0x00000847   Thumb Code     2  startup_tm4c123.o(.text)
    SYSCTL_Handler                           0x00000849   Thumb Code     2  startup_tm4c123.o(.text)
    FLASH_Handler                            0x0000084b   Thumb Code     2  startup_tm4c123.o(.text)
    GPIOF_Handler                            0x0000084d   Thumb Code     2  startup_tm4c123.o(.text)
    GPIOG_Handler                            0x0000084f   Thumb Code     2  startup_tm4c123.o(.text)
    GPIOH_Handler                            0x00000851   Thumb Code     2  startup_tm4c123.o(.text)
    UART2_Handler                            0x00000853   Thumb Code     2  startup_tm4c123.o(.text)
    SSI1_Handler                             0x00000855   Thumb Code     2  startup_tm4c123.o(.text)
    TIMER3A_Handler                          0x00000857   Thumb Code     2  startup_tm4c123.o(.text)
    TIMER3B_Handler                          0x00000859   Thumb Code     2  startup_tm4c123.o(.text)
    I2C1_Handler                             0x0000085b   Thumb Code     2  startup_tm4c123.o(.text)
    QEI1_Handler                             0x0000085d   Thumb Code     2  startup_tm4c123.o(.text)
    CAN0_Handler                             0x0000085f   Thumb Code     2  startup_tm4c123.o(.text)
    CAN1_Handler                             0x00000861   Thumb Code     2  startup_tm4c123.o(.text)
    CAN2_Handler                             0x00000863   Thumb Code     2  startup_tm4c123.o(.text)
    HIB_Handler                              0x00000865   Thumb Code     2  startup_tm4c123.o(.text)
    USB0_Handler                             0x00000867   Thumb Code     2  startup_tm4c123.o(.text)
    PWM0_3_Handler                           0x00000869   Thumb Code     2  startup_tm4c123.o(.text)
    UDMA_Handler                             0x0000086b   Thumb Code     2  startup_tm4c123.o(.text)
    UDMAERR_Handler                          0x0000086d   Thumb Code     2  startup_tm4c123.o(.text)
    ADC1SS0_Handler                          0x0000086f   Thumb Code     2  startup_tm4c123.o(.text)
    ADC1SS1_Handler                          0x00000871   Thumb Code     2  startup_tm4c123.o(.text)
    ADC1SS2_Handler                          0x00000873   Thumb Code     2  startup_tm4c123.o(.text)
    ADC1SS3_Handler                          0x00000875   Thumb Code     2  startup_tm4c123.o(.text)
    GPIOJ_Handler                            0x00000877   Thumb Code     2  startup_tm4c123.o(.text)
    GPIOK_Handler                            0x00000879   Thumb Code     2  startup_tm4c123.o(.text)
    GPIOL_Handler                            0x0000087b   Thumb Code     2  startup_tm4c123.o(.text)
    SSI2_Handler                             0x0000087d   Thumb Code     2  startup_tm4c123.o(.text)
    SSI3_Handler                             0x0000087f   Thumb Code     2  startup_tm4c123.o(.text)
    UART3_Handler                            0x00000881   Thumb Code     2  startup_tm4c123.o(.text)
    UART4_Handler                            0x00000883   Thumb Code     2  startup_tm4c123.o(.text)
    UART5_Handler                            0x00000885   Thumb Code     2  startup_tm4c123.o(.text)
    UART6_Handler                            0x00000887   Thumb Code     2  startup_tm4c123.o(.text)
    UART7_Handler                            0x00000889   Thumb Code     2  startup_tm4c123.o(.text)
    I2C2_Handler                             0x0000088b   Thumb Code     2  startup_tm4c123.o(.text)
    I2C3_Handler                             0x0000088d   Thumb Code     2  startup_tm4c123.o(.text)
    TIMER4A_Handler                          0x0000088f   Thumb Code     2  startup_tm4c123.o(.text)
    TIMER4B_Handler                          0x00000891   Thumb Code     2  startup_tm4c123.o(.text)
    TIMER5A_Handler                          0x00000893   Thumb Code     2  startup_tm4c123.o(.text)
    TIMER5B_Handler                          0x00000895   Thumb Code     2  startup_tm4c123.o(.text)
    WTIMER0A_Handler                         0x00000897   Thumb Code     2  startup_tm4c123.o(.text)
    WTIMER0B_Handler                         0x00000899   Thumb Code     2  startup_tm4c123.o(.text)
    WTIMER1A_Handler                         0x0000089b   Thumb Code     2  startup_tm4c123.o(.text)
    WTIMER1B_Handler                         0x0000089d   Thumb Code     2  startup_tm4c123.o(.text)
    WTIMER2A_Handler                         0x0000089f   Thumb Code     2  startup_tm4c123.o(.text)
    WTIMER2B_Handler                         0x000008a1   Thumb Code     2  startup_tm4c123.o(.text)
    WTIMER3A_Handler                         0x000008a3   Thumb Code     2  startup_tm4c123.o(.text)
    WTIMER3B_Handler                         0x000008a5   Thumb Code     2  startup_tm4c123.o(.text)
    WTIMER4A_Handler                         0x000008a7   Thumb Code     2  startup_tm4c123.o(.text)
    WTIMER4B_Handler                         0x000008a9   Thumb Code     2  startup_tm4c123.o(.text)
    WTIMER5A_Handler                         0x000008ab   Thumb Code     2  startup_tm4c123.o(.text)
    WTIMER5B_Handler                         0x000008ad   Thumb Code     2  startup_tm4c123.o(.text)
    FPU_Handler                              0x000008af   Thumb Code     2  startup_tm4c123.o(.text)
    I2C4_Handler                             0x000008b1   Thumb Code     2  startup_tm4c123.o(.text)
    I2C5_Handler                             0x000008b3   Thumb Code     2  startup_tm4c123.o(.text)
    GPIOM_Handler                            0x000008b5   Thumb Code     2  startup_tm4c123.o(.text)
    GPION_Handler                            0x000008b7   Thumb Code     2  startup_tm4c123.o(.text)
    QEI2_Handler                             0x000008b9   Thumb Code     2  startup_tm4c123.o(.text)
    GPIOP0_Handler                           0x000008bb   Thumb Code     2  startup_tm4c123.o(.text)
    GPIOP1_Handler                           0x000008bd   Thumb Code     2  startup_tm4c123.o(.text)
    GPIOP2_Handler                           0x000008bf   Thumb Code     2  startup_tm4c123.o(.text)
    GPIOP3_Handler                           0x000008c1   Thumb Code     2  startup_tm4c123.o(.text)
    GPIOP4_Handler                           0x000008c3   Thumb Code     2  startup_tm4c123.o(.text)
    GPIOP5_Handler                           0x000008c5   Thumb Code     2  startup_tm4c123.o(.text)
    GPIOP6_Handler                           0x000008c7   Thumb Code     2  startup_tm4c123.o(.text)
    GPIOP7_Handler                           0x000008c9   Thumb Code     2  startup_tm4c123.o(.text)
    GPIOQ0_Handler                           0x000008cb   Thumb Code     2  startup_tm4c123.o(.text)
    GPIOQ1_Handler                           0x000008cd   Thumb Code     2  startup_tm4c123.o(.text)
    GPIOQ2_Handler                           0x000008cf   Thumb Code     2  startup_tm4c123.o(.text)
    GPIOQ3_Handler                           0x000008d1   Thumb Code     2  startup_tm4c123.o(.text)
    GPIOQ4_Handler                           0x000008d3   Thumb Code     2  startup_tm4c123.o(.text)
    GPIOQ5_Handler                           0x000008d5   Thumb Code     2  startup_tm4c123.o(.text)
    GPIOQ6_Handler                           0x000008d7   Thumb Code     2  startup_tm4c123.o(.text)
    GPIOQ7_Handler                           0x000008d9   Thumb Code     2  startup_tm4c123.o(.text)
    GPIOR_Handler                            0x000008db   Thumb Code     2  startup_tm4c123.o(.text)
    GPIOS_Handler                            0x000008dd   Thumb Code     2  startup_tm4c123.o(.text)
    PMW1_0_Handler                           0x000008df   Thumb Code     2  startup_tm4c123.o(.text)
    PWM1_1_Handler                           0x000008e1   Thumb Code     2  startup_tm4c123.o(.text)
    PWM1_2_Handler                           0x000008e3   Thumb Code     2  startup_tm4c123.o(.text)
    PWM1_3_Handler                           0x000008e5   Thumb Code     2  startup_tm4c123.o(.text)
    PWM1_FAULT_Handler                       0x000008e7   Thumb Code     2  startup_tm4c123.o(.text)
    DisableInterrupts                        0x000008f1   Thumb Code     0  startup_tm4c123.o(.text)
    EnableInterrupts                         0x000008f5   Thumb Code     0  startup_tm4c123.o(.text)
    StartCritical                            0x000008f9   Thumb Code     0  startup_tm4c123.o(.text)
    EndCritical                              0x00000901   Thumb Code     0  startup_tm4c123.o(.text)
    WaitForInterrupt                         0x00000907   Thumb Code     0  startup_tm4c123.o(.text)
    __user_initial_stackheap                 0x0000090b   Thumb Code     0  startup_tm4c123.o(.text)
    __use_two_region_memory                  0x00000921   Thumb Code     2  heapauxi.o(.text)
    __rt_heap_escrow$2region                 0x00000923   Thumb Code     2  heapauxi.o(.text)
    __rt_heap_expand$2region                 0x00000925   Thumb Code     2  heapauxi.o(.text)
    __user_setup_stackheap                   0x00000927   Thumb Code    74  sys_stackheap_outer.o(.text)
    exit                                     0x00000971   Thumb Code    18  exit.o(.text)
    __user_libspace                          0x00000985   Thumb Code     8  libspace.o(.text)
    __user_perproc_libspace                  0x00000985   Thumb Code     0  libspace.o(.text)
    __user_perthread_libspace                0x00000985   Thumb Code     0  libspace.o(.text)
    _sys_exit                                0x0000098d   Thumb Code     8  sys_exit.o(.text)
    __I$use$semihosting                      0x00000999   Thumb Code     0  use_no_semi.o(.text)
    __use_no_semihosting_swi                 0x00000999   Thumb Code     2  use_no_semi.o(.text)
    __semihosting_library_function           0x0000099b   Thumb Code     0  indicate_semi.o(.text)
    ADC_Init                                 0x0000099d   Thumb Code   340  adc.o(i.ADC_Init)
    Clock_Init                               0x00000b1d   Thumb Code    26  os_v2.o(i.Clock_Init)
    Current_speed                            0x00000b41   Thumb Code    26  voltage2rpm.o(i.Current_speed)
    OS_Init                                  0x00000b5d   Thumb Code    38  os_v2.o(i.OS_Init)
    OS_Sleep                                 0x00000b89   Thumb Code    16  os_v2.o(i.OS_Sleep)
    OS_Suspend                               0x00000b9d   Thumb Code    10  os_v2.o(i.OS_Suspend)
    PWM_Config                               0x00000bad   Thumb Code   230  motor.o(i.PWM_Config)
    Scheduler                                0x00000cbd   Thumb Code    84  os_v2.o(i.Scheduler)
    SystemInit                               0x00000d15   Thumb Code    14  system_tm4c123.o(i.SystemInit)
    TIMER0A_Handler                          0x00000d29   Thumb Code   208  main.o(i.TIMER0A_Handler)
    main                                     0x00000e31   Thumb Code    34  main.o(i.main)
    retrieveInput                            0x00000e55   Thumb Code   202  main.o(i.retrieveInput)
    setMotorSpeed                            0x00000f35   Thumb Code     8  motor.o(i.setMotorSpeed)
    _fp_init                                 0x00000f41   Thumb Code    10  fpinit.o(x$fpl$fpinit)
    __fplib_config_fpu_vfp                   0x00000f49   Thumb Code     0  fpinit.o(x$fpl$fpinit)
    __fplib_config_pureend_doubles           0x00000f49   Thumb Code     0  fpinit.o(x$fpl$fpinit)
    Region$$Table$$Base                      0x00000f4c   Number         0  anon$$obj.o(Region$$Table)
    Region$$Table$$Limit                     0x00000f6c   Number         0  anon$$obj.o(Region$$Table)
    Key_ASCII                                0x20000000   Data           1  main.o(.data)
    Keypress_Buffer                          0x20000004   Data           4  main.o(.data)
    sampledADC_value                         0x20000008   Data           4  main.o(.data)
    estRPM                                   0x2000000c   Data           4  main.o(.data)
    targetRPM                                0x20000010   Data           4  main.o(.data)
    error                                    0x20000014   Data           4  main.o(.data)
    P                                        0x20000018   Data           4  main.o(.data)
    I                                        0x2000001c   Data           4  main.o(.data)
    D                                        0x20000020   Data           4  main.o(.data)
    kP                                       0x20000024   Data           4  main.o(.data)
    kI                                       0x20000028   Data           4  main.o(.data)
    kD                                       0x2000002c   Data           4  main.o(.data)
    actuatorRPM                              0x20000030   Data           4  main.o(.data)
    time                                     0x20000034   Data           4  main.o(.data)
    count                                    0x20000038   Data           4  main.o(.data)
    Mail                                     0x2000003c   Data           4  os_v2.o(.data)
    Send                                     0x20000040   Data           4  os_v2.o(.data)
    Lost_mailbox                             0x20000044   Data           4  os_v2.o(.data)
    RunPt                                    0x20000048   Data           4  os_v2.o(.data)
    PutI                                     0x2000004c   Data           4  os_v2.o(.data)
    GetI                                     0x20000050   Data           4  os_v2.o(.data)
    CurrentSize                              0x20000054   Data           4  os_v2.o(.data)
    LostData                                 0x20000058   Data           4  os_v2.o(.data)
    __libspace_start                         0x20000064   Data          96  libspace.o(.bss)
    __temporary_stack_top$libspace           0x200000c4   Data           0  libspace.o(.bss)
    GPIO_PORTA_DATA_R                        0x400043fc   Number         0  lcd.o ABSOLUTE
    SYSCTL_RCC_R                             0x400fe060   Number         0  lcd.o ABSOLUTE
    SYSCTL_RCGCGPIO_R                        0x400fe608   Number         0  lcd.o ABSOLUTE



==============================================================================

Memory Map of the image

  Image Entry point : 0x000007f9

  Load Region LR_1 (Base: 0x00000000, Size: 0x00000fd0, Max: 0xffffffff, ABSOLUTE)

    Execution Region ER_RO (Base: 0x00000000, Size: 0x00000f6c, Max: 0xffffffff, ABSOLUTE)

    Base Addr    Size         Type   Attr      Idx    E Section Name        Object

    0x00000000   0x0000026c   Data   RO          349    RESET               startup_tm4c123.o
    0x0000026c   0x00000008   Code   RO          402  * !!!main             c_w.l(__main.o)
    0x00000274   0x00000034   Code   RO          559    !!!scatter          c_w.l(__scatter.o)
    0x000002a8   0x0000001a   Code   RO          561    !!handler_copy      c_w.l(__scatter_copy.o)
    0x000002c2   0x00000002   PAD
    0x000002c4   0x0000001c   Code   RO          563    !!handler_zi        c_w.l(__scatter_zi.o)
    0x000002e0   0x00000002   Code   RO          429    .ARM.Collect$$libinit$$00000000  c_w.l(libinit.o)
    0x000002e2   0x00000004   Code   RO          435    .ARM.Collect$$libinit$$00000001  c_w.l(libinit2.o)
    0x000002e6   0x00000000   Code   RO          438    .ARM.Collect$$libinit$$00000004  c_w.l(libinit2.o)
    0x000002e6   0x00000000   Code   RO          441    .ARM.Collect$$libinit$$0000000A  c_w.l(libinit2.o)
    0x000002e6   0x00000000   Code   RO          443    .ARM.Collect$$libinit$$0000000C  c_w.l(libinit2.o)
    0x000002e6   0x00000000   Code   RO          445    .ARM.Collect$$libinit$$0000000E  c_w.l(libinit2.o)
    0x000002e6   0x00000000   Code   RO          448    .ARM.Collect$$libinit$$00000011  c_w.l(libinit2.o)
    0x000002e6   0x00000000   Code   RO          450    .ARM.Collect$$libinit$$00000013  c_w.l(libinit2.o)
    0x000002e6   0x00000000   Code   RO          452    .ARM.Collect$$libinit$$00000015  c_w.l(libinit2.o)
    0x000002e6   0x00000000   Code   RO          454    .ARM.Collect$$libinit$$00000017  c_w.l(libinit2.o)
    0x000002e6   0x00000000   Code   RO          456    .ARM.Collect$$libinit$$00000019  c_w.l(libinit2.o)
    0x000002e6   0x00000000   Code   RO          458    .ARM.Collect$$libinit$$0000001B  c_w.l(libinit2.o)
    0x000002e6   0x00000000   Code   RO          460    .ARM.Collect$$libinit$$0000001D  c_w.l(libinit2.o)
    0x000002e6   0x00000000   Code   RO          462    .ARM.Collect$$libinit$$0000001F  c_w.l(libinit2.o)
    0x000002e6   0x00000000   Code   RO          464    .ARM.Collect$$libinit$$00000021  c_w.l(libinit2.o)
    0x000002e6   0x00000000   Code   RO          466    .ARM.Collect$$libinit$$00000023  c_w.l(libinit2.o)
    0x000002e6   0x00000000   Code   RO          468    .ARM.Collect$$libinit$$00000025  c_w.l(libinit2.o)
    0x000002e6   0x00000000   Code   RO          472    .ARM.Collect$$libinit$$0000002C  c_w.l(libinit2.o)
    0x000002e6   0x00000000   Code   RO          474    .ARM.Collect$$libinit$$0000002E  c_w.l(libinit2.o)
    0x000002e6   0x00000000   Code   RO          476    .ARM.Collect$$libinit$$00000030  c_w.l(libinit2.o)
    0x000002e6   0x00000000   Code   RO          478    .ARM.Collect$$libinit$$00000032  c_w.l(libinit2.o)
    0x000002e6   0x00000002   Code   RO          479    .ARM.Collect$$libinit$$00000033  c_w.l(libinit2.o)
    0x000002e8   0x00000002   Code   RO          499    .ARM.Collect$$libshutdown$$00000000  c_w.l(libshutdown.o)
    0x000002ea   0x00000000   Code   RO          512    .ARM.Collect$$libshutdown$$00000002  c_w.l(libshutdown2.o)
    0x000002ea   0x00000000   Code   RO          514    .ARM.Collect$$libshutdown$$00000004  c_w.l(libshutdown2.o)
    0x000002ea   0x00000000   Code   RO          517    .ARM.Collect$$libshutdown$$00000007  c_w.l(libshutdown2.o)
    0x000002ea   0x00000000   Code   RO          520    .ARM.Collect$$libshutdown$$0000000A  c_w.l(libshutdown2.o)
    0x000002ea   0x00000000   Code   RO          522    .ARM.Collect$$libshutdown$$0000000C  c_w.l(libshutdown2.o)
    0x000002ea   0x00000000   Code   RO          525    .ARM.Collect$$libshutdown$$0000000F  c_w.l(libshutdown2.o)
    0x000002ea   0x00000002   Code   RO          526    .ARM.Collect$$libshutdown$$00000010  c_w.l(libshutdown2.o)
    0x000002ec   0x00000000   Code   RO          404    .ARM.Collect$$rtentry$$00000000  c_w.l(__rtentry.o)
    0x000002ec   0x00000000   Code   RO          406    .ARM.Collect$$rtentry$$00000002  c_w.l(__rtentry2.o)
    0x000002ec   0x00000006   Code   RO          418    .ARM.Collect$$rtentry$$00000004  c_w.l(__rtentry4.o)
    0x000002f2   0x00000000   Code   RO          408    .ARM.Collect$$rtentry$$00000009  c_w.l(__rtentry2.o)
    0x000002f2   0x00000004   Code   RO          409    .ARM.Collect$$rtentry$$0000000A  c_w.l(__rtentry2.o)
    0x000002f6   0x00000000   Code   RO          411    .ARM.Collect$$rtentry$$0000000C  c_w.l(__rtentry2.o)
    0x000002f6   0x00000008   Code   RO          412    .ARM.Collect$$rtentry$$0000000D  c_w.l(__rtentry2.o)
    0x000002fe   0x00000002   Code   RO          433    .ARM.Collect$$rtexit$$00000000  c_w.l(rtexit.o)
    0x00000300   0x00000000   Code   RO          481    .ARM.Collect$$rtexit$$00000002  c_w.l(rtexit2.o)
    0x00000300   0x00000004   Code   RO          482    .ARM.Collect$$rtexit$$00000003  c_w.l(rtexit2.o)
    0x00000304   0x00000006   Code   RO          483    .ARM.Collect$$rtexit$$00000004  c_w.l(rtexit2.o)
    0x0000030a   0x00000002   PAD
    0x0000030c   0x0000024c   Code   RO          148    .text               keypad.o
    0x00000558   0x0000024c   Code   RO          151    .text               lcd.o
    0x000007a4   0x00000054   Code   RO          317    .text               osasm_v2.o
    0x000007f8   0x00000128   Code   RO          350  * .text               startup_tm4c123.o
    0x00000920   0x00000006   Code   RO          400    .text               c_w.l(heapauxi.o)
    0x00000926   0x0000004a   Code   RO          420    .text               c_w.l(sys_stackheap_outer.o)
    0x00000970   0x00000012   Code   RO          422    .text               c_w.l(exit.o)
    0x00000982   0x00000002   PAD
    0x00000984   0x00000008   Code   RO          430    .text               c_w.l(libspace.o)
    0x0000098c   0x0000000c   Code   RO          491    .text               c_w.l(sys_exit.o)
    0x00000998   0x00000002   Code   RO          502    .text               c_w.l(use_no_semi.o)
    0x0000099a   0x00000000   Code   RO          504    .text               c_w.l(indicate_semi.o)
    0x0000099a   0x00000002   PAD
    0x0000099c   0x00000180   Code   RO           97    i.ADC_Init          adc.o
    0x00000b1c   0x00000024   Code   RO          202    i.Clock_Init        os_v2.o
    0x00000b40   0x0000001a   Code   RO          323    i.Current_speed     voltage2rpm.o
    0x00000b5a   0x00000002   PAD
    0x00000b5c   0x0000002c   Code   RO          207    i.OS_Init           os_v2.o
    0x00000b88   0x00000014   Code   RO          211    i.OS_Sleep          os_v2.o
    0x00000b9c   0x00000010   Code   RO          212    i.OS_Suspend        os_v2.o
    0x00000bac   0x00000110   Code   RO          157    i.PWM_Config        motor.o
    0x00000cbc   0x00000058   Code   RO          215    i.Scheduler         os_v2.o
    0x00000d14   0x00000014   Code   RO          358    i.SystemInit        system_tm4c123.o
    0x00000d28   0x00000108   Code   RO            4    i.TIMER0A_Handler   main.o
    0x00000e30   0x00000022   Code   RO            5    i.main              main.o
    0x00000e52   0x00000002   PAD
    0x00000e54   0x000000e0   Code   RO            7    i.retrieveInput     main.o
    0x00000f34   0x0000000c   Code   RO          160    i.setMotorSpeed     motor.o
    0x00000f40   0x0000000a   Code   RO          489    x$fpl$fpinit        fz_wm.l(fpinit.o)
    0x00000f4a   0x00000002   PAD
    0x00000f4c   0x00000020   Data   RO          557    Region$$Table       anon$$obj.o


    Execution Region ER_RW (Base: 0x20000000, Size: 0x00000064, Max: 0xffffffff, ABSOLUTE)

    Base Addr    Size         Type   Attr      Idx    E Section Name        Object

    0x20000000   0x0000003c   Data   RW            9    .data               main.o
    0x2000003c   0x00000020   Data   RW          219    .data               os_v2.o
    0x2000005c   0x00000008   Data   RW          147    RAMData             keypad.o


    Execution Region ER_ZI (Base: 0x20000064, Size: 0x00000264, Max: 0xffffffff, ABSOLUTE)

    Base Addr    Size         Type   Attr      Idx    E Section Name        Object

    0x20000064   0x00000060   Zero   RW          431    .bss                c_w.l(libspace.o)
    0x200000c4   0x00000004   PAD
    0x200000c8   0x00000000   Zero   RW          348    HEAP                startup_tm4c123.o
    0x200000c8   0x00000200   Zero   RW          347    STACK               startup_tm4c123.o


==============================================================================

Image component sizes


      Code (inc. data)   RO Data    RW Data    ZI Data      Debug   Object Name

       384         44          0          0          0        547   adc.o
       588         44          0          8          0        484   keypad.o
       588         42          0          0          0        420   lcd.o
       522         78          0         60          0       7627   main.o
       284         46          0          0          0       1101   motor.o
       204         30          0         32          0       3586   os_v2.o
        84          6          0          0          0        276   osasm_v2.o
       296         20        620          0        512       5424   startup_tm4c123.o
        20          6          0          0          0        501   system_tm4c123.o
        26          0          0          0          0        580   voltage2rpm.o

    ----------------------------------------------------------------------
      3000        316        652        100        512      20546   Object Totals
         0          0         32          0          0          0   (incl. Generated)
         4          0          0          0          0          0   (incl. Padding)

    ----------------------------------------------------------------------

      Code (inc. data)   RO Data    RW Data    ZI Data      Debug   Library Member Name

         8          0          0          0          0         68   __main.o
         0          0          0          0          0          0   __rtentry.o
        12          0          0          0          0          0   __rtentry2.o
         6          0          0          0          0          0   __rtentry4.o
        52          8          0          0          0          0   __scatter.o
        26          0          0          0          0          0   __scatter_copy.o
        28          0          0          0          0          0   __scatter_zi.o
        18          0          0          0          0         80   exit.o
         6          0          0          0          0        152   heapauxi.o
         0          0          0          0          0          0   indicate_semi.o
         2          0          0          0          0          0   libinit.o
         6          0          0          0          0          0   libinit2.o
         2          0          0          0          0          0   libshutdown.o
         2          0          0          0          0          0   libshutdown2.o
         8          4          0          0         96         68   libspace.o
         2          0          0          0          0          0   rtexit.o
        10          0          0          0          0          0   rtexit2.o
        12          4          0          0          0         68   sys_exit.o
        74          0          0          0          0         80   sys_stackheap_outer.o
         2          0          0          0          0         68   use_no_semi.o
        10          0          0          0          0        116   fpinit.o

    ----------------------------------------------------------------------
       296         16          0          0        100        700   Library Totals
        10          0          0          0          4          0   (incl. Padding)

    ----------------------------------------------------------------------

      Code (inc. data)   RO Data    RW Data    ZI Data      Debug   Library Name

       276         16          0          0         96        584   c_w.l
        10          0          0          0          0        116   fz_wm.l

    ----------------------------------------------------------------------
       296         16          0          0        100        700   Library Totals

    ----------------------------------------------------------------------

==============================================================================


      Code (inc. data)   RO Data    RW Data    ZI Data      Debug   

      3296        332        652        100        612      20190   Grand Totals
      3296        332        652        100        612      20190   ELF Image Totals
      3296        332        652        100          0          0   ROM Totals

==============================================================================

    Total RO  Size (Code + RO Data)                 3948 (   3.86kB)
    Total RW  Size (RW Data + ZI Data)               712 (   0.70kB)
    Total ROM Size (Code + RO Data + RW Data)       4048 (   3.95kB)

==============================================================================

